Archive member included to satisfy reference by file (symbol)

d:/aast/course embedded/microship studio/7.0/toolchain/avr8/avr8-gnu-toolchain/bin/../lib/gcc/avr/5.4.0/avr5\libgcc.a(_exit.o)
                              d:/aast/course embedded/microship studio/7.0/toolchain/avr8/avr8-gnu-toolchain/bin/../lib/gcc/avr/5.4.0/../../../../avr/lib/avr5/crtatmega32.o (exit)
d:/aast/course embedded/microship studio/7.0/toolchain/avr8/avr8-gnu-toolchain/bin/../lib/gcc/avr/5.4.0/avr5\libgcc.a(_copy_data.o)
                              APP/Main/main.o (__do_copy_data)
d:/aast/course embedded/microship studio/7.0/toolchain/avr8/avr8-gnu-toolchain/bin/../lib/gcc/avr/5.4.0/avr5\libgcc.a(_clear_bss.o)
                              APP/Main/main.o (__do_clear_bss)
d:/aast/course embedded/microship studio/7.0/toolchain/avr8/avr8-gnu-toolchain/bin/../lib/gcc/avr/5.4.0/avr5\libgcc.a(_umulhisi3.o)
                              HAL/Servo Motor/Servo_Motor.o (__umulhisi3)

Discarded input sections

 .data          0x00000000        0x0 d:/aast/course embedded/microship studio/7.0/toolchain/avr8/avr8-gnu-toolchain/bin/../lib/gcc/avr/5.4.0/../../../../avr/lib/avr5/crtatmega32.o
 .bss           0x00000000        0x0 d:/aast/course embedded/microship studio/7.0/toolchain/avr8/avr8-gnu-toolchain/bin/../lib/gcc/avr/5.4.0/../../../../avr/lib/avr5/crtatmega32.o
 .text          0x00000000        0x0 APP/Main/main.o
 .data          0x00000000        0x0 APP/Main/main.o
 .bss           0x00000000        0x0 APP/Main/main.o
 .text          0x00000000        0x0 HAL/DC Motor/DC_Motor.o
 .data          0x00000000        0x0 HAL/DC Motor/DC_Motor.o
 .bss           0x00000000        0x0 HAL/DC Motor/DC_Motor.o
 .text          0x00000000        0x0 HAL/LCD/LCD.o
 .data          0x00000000        0x0 HAL/LCD/LCD.o
 .bss           0x00000000        0x0 HAL/LCD/LCD.o
 .text          0x00000000        0x0 HAL/Servo Motor/Servo_Motor.o
 .data          0x00000000        0x0 HAL/Servo Motor/Servo_Motor.o
 .bss           0x00000000        0x0 HAL/Servo Motor/Servo_Motor.o
 .text          0x00000000        0x0 HAL/Ultrasonic/Ultrasonic.o
 .data          0x00000000        0x0 HAL/Ultrasonic/Ultrasonic.o
 .bss           0x00000000        0x0 HAL/Ultrasonic/Ultrasonic.o
 .text          0x00000000        0x0 MCAL/DIO/DIO.o
 .data          0x00000000        0x0 MCAL/DIO/DIO.o
 .bss           0x00000000        0x0 MCAL/DIO/DIO.o
 .text          0x00000000        0x0 d:/aast/course embedded/microship studio/7.0/toolchain/avr8/avr8-gnu-toolchain/bin/../lib/gcc/avr/5.4.0/avr5\libgcc.a(_exit.o)
 .data          0x00000000        0x0 d:/aast/course embedded/microship studio/7.0/toolchain/avr8/avr8-gnu-toolchain/bin/../lib/gcc/avr/5.4.0/avr5\libgcc.a(_exit.o)
 .bss           0x00000000        0x0 d:/aast/course embedded/microship studio/7.0/toolchain/avr8/avr8-gnu-toolchain/bin/../lib/gcc/avr/5.4.0/avr5\libgcc.a(_exit.o)
 .text.libgcc.mul
                0x00000000        0x0 d:/aast/course embedded/microship studio/7.0/toolchain/avr8/avr8-gnu-toolchain/bin/../lib/gcc/avr/5.4.0/avr5\libgcc.a(_exit.o)
 .text.libgcc.div
                0x00000000        0x0 d:/aast/course embedded/microship studio/7.0/toolchain/avr8/avr8-gnu-toolchain/bin/../lib/gcc/avr/5.4.0/avr5\libgcc.a(_exit.o)
 .text.libgcc   0x00000000        0x0 d:/aast/course embedded/microship studio/7.0/toolchain/avr8/avr8-gnu-toolchain/bin/../lib/gcc/avr/5.4.0/avr5\libgcc.a(_exit.o)
 .text.libgcc.prologue
                0x00000000        0x0 d:/aast/course embedded/microship studio/7.0/toolchain/avr8/avr8-gnu-toolchain/bin/../lib/gcc/avr/5.4.0/avr5\libgcc.a(_exit.o)
 .text.libgcc.builtins
                0x00000000        0x0 d:/aast/course embedded/microship studio/7.0/toolchain/avr8/avr8-gnu-toolchain/bin/../lib/gcc/avr/5.4.0/avr5\libgcc.a(_exit.o)
 .text.libgcc.fmul
                0x00000000        0x0 d:/aast/course embedded/microship studio/7.0/toolchain/avr8/avr8-gnu-toolchain/bin/../lib/gcc/avr/5.4.0/avr5\libgcc.a(_exit.o)
 .text.libgcc.fixed
                0x00000000        0x0 d:/aast/course embedded/microship studio/7.0/toolchain/avr8/avr8-gnu-toolchain/bin/../lib/gcc/avr/5.4.0/avr5\libgcc.a(_exit.o)
 .text          0x00000000        0x0 d:/aast/course embedded/microship studio/7.0/toolchain/avr8/avr8-gnu-toolchain/bin/../lib/gcc/avr/5.4.0/avr5\libgcc.a(_copy_data.o)
 .data          0x00000000        0x0 d:/aast/course embedded/microship studio/7.0/toolchain/avr8/avr8-gnu-toolchain/bin/../lib/gcc/avr/5.4.0/avr5\libgcc.a(_copy_data.o)
 .bss           0x00000000        0x0 d:/aast/course embedded/microship studio/7.0/toolchain/avr8/avr8-gnu-toolchain/bin/../lib/gcc/avr/5.4.0/avr5\libgcc.a(_copy_data.o)
 .text.libgcc.mul
                0x00000000        0x0 d:/aast/course embedded/microship studio/7.0/toolchain/avr8/avr8-gnu-toolchain/bin/../lib/gcc/avr/5.4.0/avr5\libgcc.a(_copy_data.o)
 .text.libgcc.div
                0x00000000        0x0 d:/aast/course embedded/microship studio/7.0/toolchain/avr8/avr8-gnu-toolchain/bin/../lib/gcc/avr/5.4.0/avr5\libgcc.a(_copy_data.o)
 .text.libgcc   0x00000000        0x0 d:/aast/course embedded/microship studio/7.0/toolchain/avr8/avr8-gnu-toolchain/bin/../lib/gcc/avr/5.4.0/avr5\libgcc.a(_copy_data.o)
 .text.libgcc.prologue
                0x00000000        0x0 d:/aast/course embedded/microship studio/7.0/toolchain/avr8/avr8-gnu-toolchain/bin/../lib/gcc/avr/5.4.0/avr5\libgcc.a(_copy_data.o)
 .text.libgcc.builtins
                0x00000000        0x0 d:/aast/course embedded/microship studio/7.0/toolchain/avr8/avr8-gnu-toolchain/bin/../lib/gcc/avr/5.4.0/avr5\libgcc.a(_copy_data.o)
 .text.libgcc.fmul
                0x00000000        0x0 d:/aast/course embedded/microship studio/7.0/toolchain/avr8/avr8-gnu-toolchain/bin/../lib/gcc/avr/5.4.0/avr5\libgcc.a(_copy_data.o)
 .text.libgcc.fixed
                0x00000000        0x0 d:/aast/course embedded/microship studio/7.0/toolchain/avr8/avr8-gnu-toolchain/bin/../lib/gcc/avr/5.4.0/avr5\libgcc.a(_copy_data.o)
 .text          0x00000000        0x0 d:/aast/course embedded/microship studio/7.0/toolchain/avr8/avr8-gnu-toolchain/bin/../lib/gcc/avr/5.4.0/avr5\libgcc.a(_clear_bss.o)
 .data          0x00000000        0x0 d:/aast/course embedded/microship studio/7.0/toolchain/avr8/avr8-gnu-toolchain/bin/../lib/gcc/avr/5.4.0/avr5\libgcc.a(_clear_bss.o)
 .bss           0x00000000        0x0 d:/aast/course embedded/microship studio/7.0/toolchain/avr8/avr8-gnu-toolchain/bin/../lib/gcc/avr/5.4.0/avr5\libgcc.a(_clear_bss.o)
 .text.libgcc.mul
                0x00000000        0x0 d:/aast/course embedded/microship studio/7.0/toolchain/avr8/avr8-gnu-toolchain/bin/../lib/gcc/avr/5.4.0/avr5\libgcc.a(_clear_bss.o)
 .text.libgcc.div
                0x00000000        0x0 d:/aast/course embedded/microship studio/7.0/toolchain/avr8/avr8-gnu-toolchain/bin/../lib/gcc/avr/5.4.0/avr5\libgcc.a(_clear_bss.o)
 .text.libgcc   0x00000000        0x0 d:/aast/course embedded/microship studio/7.0/toolchain/avr8/avr8-gnu-toolchain/bin/../lib/gcc/avr/5.4.0/avr5\libgcc.a(_clear_bss.o)
 .text.libgcc.prologue
                0x00000000        0x0 d:/aast/course embedded/microship studio/7.0/toolchain/avr8/avr8-gnu-toolchain/bin/../lib/gcc/avr/5.4.0/avr5\libgcc.a(_clear_bss.o)
 .text.libgcc.builtins
                0x00000000        0x0 d:/aast/course embedded/microship studio/7.0/toolchain/avr8/avr8-gnu-toolchain/bin/../lib/gcc/avr/5.4.0/avr5\libgcc.a(_clear_bss.o)
 .text.libgcc.fmul
                0x00000000        0x0 d:/aast/course embedded/microship studio/7.0/toolchain/avr8/avr8-gnu-toolchain/bin/../lib/gcc/avr/5.4.0/avr5\libgcc.a(_clear_bss.o)
 .text.libgcc.fixed
                0x00000000        0x0 d:/aast/course embedded/microship studio/7.0/toolchain/avr8/avr8-gnu-toolchain/bin/../lib/gcc/avr/5.4.0/avr5\libgcc.a(_clear_bss.o)
 .text          0x00000000        0x0 d:/aast/course embedded/microship studio/7.0/toolchain/avr8/avr8-gnu-toolchain/bin/../lib/gcc/avr/5.4.0/avr5\libgcc.a(_umulhisi3.o)
 .data          0x00000000        0x0 d:/aast/course embedded/microship studio/7.0/toolchain/avr8/avr8-gnu-toolchain/bin/../lib/gcc/avr/5.4.0/avr5\libgcc.a(_umulhisi3.o)
 .bss           0x00000000        0x0 d:/aast/course embedded/microship studio/7.0/toolchain/avr8/avr8-gnu-toolchain/bin/../lib/gcc/avr/5.4.0/avr5\libgcc.a(_umulhisi3.o)
 .text.libgcc.div
                0x00000000        0x0 d:/aast/course embedded/microship studio/7.0/toolchain/avr8/avr8-gnu-toolchain/bin/../lib/gcc/avr/5.4.0/avr5\libgcc.a(_umulhisi3.o)
 .text.libgcc   0x00000000        0x0 d:/aast/course embedded/microship studio/7.0/toolchain/avr8/avr8-gnu-toolchain/bin/../lib/gcc/avr/5.4.0/avr5\libgcc.a(_umulhisi3.o)
 .text.libgcc.prologue
                0x00000000        0x0 d:/aast/course embedded/microship studio/7.0/toolchain/avr8/avr8-gnu-toolchain/bin/../lib/gcc/avr/5.4.0/avr5\libgcc.a(_umulhisi3.o)
 .text.libgcc.builtins
                0x00000000        0x0 d:/aast/course embedded/microship studio/7.0/toolchain/avr8/avr8-gnu-toolchain/bin/../lib/gcc/avr/5.4.0/avr5\libgcc.a(_umulhisi3.o)
 .text.libgcc.fmul
                0x00000000        0x0 d:/aast/course embedded/microship studio/7.0/toolchain/avr8/avr8-gnu-toolchain/bin/../lib/gcc/avr/5.4.0/avr5\libgcc.a(_umulhisi3.o)
 .text.libgcc.fixed
                0x00000000        0x0 d:/aast/course embedded/microship studio/7.0/toolchain/avr8/avr8-gnu-toolchain/bin/../lib/gcc/avr/5.4.0/avr5\libgcc.a(_umulhisi3.o)

Memory Configuration

Name             Origin             Length             Attributes
text             0x00000000         0x00008000         xr
data             0x00800060         0x00000800         rw !x
eeprom           0x00810000         0x00000400         rw !x
fuse             0x00820000         0x00000002         rw !x
lock             0x00830000         0x00000400         rw !x
signature        0x00840000         0x00000400         rw !x
user_signatures  0x00850000         0x00000400         rw !x
*default*        0x00000000         0xffffffff

Linker script and memory map

LOAD d:/aast/course embedded/microship studio/7.0/toolchain/avr8/avr8-gnu-toolchain/bin/../lib/gcc/avr/5.4.0/../../../../avr/lib/avr5/crtatmega32.o
LOAD APP/Main/main.o
LOAD HAL/DC Motor/DC_Motor.o
LOAD HAL/LCD/LCD.o
LOAD HAL/Servo Motor/Servo_Motor.o
LOAD HAL/Ultrasonic/Ultrasonic.o
LOAD MCAL/DIO/DIO.o
START GROUP
LOAD d:/aast/course embedded/microship studio/7.0/toolchain/avr8/avr8-gnu-toolchain/bin/../lib/gcc/avr/5.4.0/../../../../avr/lib/avr5\libm.a
END GROUP
START GROUP
LOAD d:/aast/course embedded/microship studio/7.0/toolchain/avr8/avr8-gnu-toolchain/bin/../lib/gcc/avr/5.4.0/avr5\libgcc.a
LOAD d:/aast/course embedded/microship studio/7.0/toolchain/avr8/avr8-gnu-toolchain/bin/../lib/gcc/avr/5.4.0/../../../../avr/lib/avr5\libm.a
LOAD d:/aast/course embedded/microship studio/7.0/toolchain/avr8/avr8-gnu-toolchain/bin/../lib/gcc/avr/5.4.0/../../../../avr/lib/avr5\libc.a
LOAD d:/aast/course embedded/microship studio/7.0/toolchain/avr8/avr8-gnu-toolchain/bin/../lib/gcc/avr/5.4.0/../../../../avr/lib/avr5\libatmega32.a
END GROUP
                0x00000000                __TEXT_REGION_ORIGIN__ = DEFINED (__TEXT_REGION_ORIGIN__)?__TEXT_REGION_ORIGIN__:0x0
                [0x00800060]                __DATA_REGION_ORIGIN__ = DEFINED (__DATA_REGION_ORIGIN__)?__DATA_REGION_ORIGIN__:0x800060
                [0x00008000]                __TEXT_REGION_LENGTH__ = DEFINED (__TEXT_REGION_LENGTH__)?__TEXT_REGION_LENGTH__:0x20000
                [0x00000800]                __DATA_REGION_LENGTH__ = DEFINED (__DATA_REGION_LENGTH__)?__DATA_REGION_LENGTH__:0xffa0
                [0x00000400]                __EEPROM_REGION_LENGTH__ = DEFINED (__EEPROM_REGION_LENGTH__)?__EEPROM_REGION_LENGTH__:0x10000
                [0x00000002]                __FUSE_REGION_LENGTH__ = DEFINED (__FUSE_REGION_LENGTH__)?__FUSE_REGION_LENGTH__:0x400
                0x00000400                __LOCK_REGION_LENGTH__ = DEFINED (__LOCK_REGION_LENGTH__)?__LOCK_REGION_LENGTH__:0x400
                0x00000400                __SIGNATURE_REGION_LENGTH__ = DEFINED (__SIGNATURE_REGION_LENGTH__)?__SIGNATURE_REGION_LENGTH__:0x400
                0x00000400                __USER_SIGNATURE_REGION_LENGTH__ = DEFINED (__USER_SIGNATURE_REGION_LENGTH__)?__USER_SIGNATURE_REGION_LENGTH__:0x400

.hash
 *(.hash)

.dynsym
 *(.dynsym)

.dynstr
 *(.dynstr)

.gnu.version
 *(.gnu.version)

.gnu.version_d
 *(.gnu.version_d)

.gnu.version_r
 *(.gnu.version_r)

.rel.init
 *(.rel.init)

.rela.init
 *(.rela.init)

.rel.text
 *(.rel.text)
 *(.rel.text.*)
 *(.rel.gnu.linkonce.t*)

.rela.text
 *(.rela.text)
 *(.rela.text.*)
 *(.rela.gnu.linkonce.t*)

.rel.fini
 *(.rel.fini)

.rela.fini
 *(.rela.fini)

.rel.rodata
 *(.rel.rodata)
 *(.rel.rodata.*)
 *(.rel.gnu.linkonce.r*)

.rela.rodata
 *(.rela.rodata)
 *(.rela.rodata.*)
 *(.rela.gnu.linkonce.r*)

.rel.data
 *(.rel.data)
 *(.rel.data.*)
 *(.rel.gnu.linkonce.d*)

.rela.data
 *(.rela.data)
 *(.rela.data.*)
 *(.rela.gnu.linkonce.d*)

.rel.ctors
 *(.rel.ctors)

.rela.ctors
 *(.rela.ctors)

.rel.dtors
 *(.rel.dtors)

.rela.dtors
 *(.rela.dtors)

.rel.got
 *(.rel.got)

.rela.got
 *(.rela.got)

.rel.bss
 *(.rel.bss)

.rela.bss
 *(.rela.bss)

.rel.plt
 *(.rel.plt)

.rela.plt
 *(.rela.plt)

.text           0x00000000      0x7d8
 *(.vectors)
 .vectors       0x00000000       0x54 d:/aast/course embedded/microship studio/7.0/toolchain/avr8/avr8-gnu-toolchain/bin/../lib/gcc/avr/5.4.0/../../../../avr/lib/avr5/crtatmega32.o
                0x00000000                __vector_default
                0x00000000                __vectors
 *(.vectors)
 *(.progmem.gcc*)
                0x00000054                . = ALIGN (0x2)
                0x00000054                __trampolines_start = .
 *(.trampolines)
 .trampolines   0x00000054        0x0 linker stubs
 *(.trampolines*)
                0x00000054                __trampolines_end = .
 *libprintf_flt.a:*(.progmem.data)
 *libc.a:*(.progmem.data)
 *(.progmem*)
                0x00000054                . = ALIGN (0x2)
 *(.jumptables)
 *(.jumptables*)
 *(.lowtext)
 *(.lowtext*)
                0x00000054                __ctors_start = .
 *(.ctors)
                0x00000054                __ctors_end = .
                0x00000054                __dtors_start = .
 *(.dtors)
                0x00000054                __dtors_end = .
 SORT(*)(.ctors)
 SORT(*)(.dtors)
 *(.init0)
 .init0         0x00000054        0x0 d:/aast/course embedded/microship studio/7.0/toolchain/avr8/avr8-gnu-toolchain/bin/../lib/gcc/avr/5.4.0/../../../../avr/lib/avr5/crtatmega32.o
                0x00000054                __init
 *(.init0)
 *(.init1)
 *(.init1)
 *(.init2)
 .init2         0x00000054        0xc d:/aast/course embedded/microship studio/7.0/toolchain/avr8/avr8-gnu-toolchain/bin/../lib/gcc/avr/5.4.0/../../../../avr/lib/avr5/crtatmega32.o
 *(.init2)
 *(.init3)
 *(.init3)
 *(.init4)
 .init4         0x00000060       0x16 d:/aast/course embedded/microship studio/7.0/toolchain/avr8/avr8-gnu-toolchain/bin/../lib/gcc/avr/5.4.0/avr5\libgcc.a(_copy_data.o)
                0x00000060                __do_copy_data
 .init4         0x00000076       0x10 d:/aast/course embedded/microship studio/7.0/toolchain/avr8/avr8-gnu-toolchain/bin/../lib/gcc/avr/5.4.0/avr5\libgcc.a(_clear_bss.o)
                0x00000076                __do_clear_bss
 *(.init4)
 *(.init5)
 *(.init5)
 *(.init6)
 *(.init6)
 *(.init7)
 *(.init7)
 *(.init8)
 *(.init8)
 *(.init9)
 .init9         0x00000086        0x8 d:/aast/course embedded/microship studio/7.0/toolchain/avr8/avr8-gnu-toolchain/bin/../lib/gcc/avr/5.4.0/../../../../avr/lib/avr5/crtatmega32.o
 *(.init9)
 *(.text)
 .text          0x0000008e        0x4 d:/aast/course embedded/microship studio/7.0/toolchain/avr8/avr8-gnu-toolchain/bin/../lib/gcc/avr/5.4.0/../../../../avr/lib/avr5/crtatmega32.o
                0x0000008e                __vector_12
                0x0000008e                __bad_interrupt
                0x0000008e                __vector_6
                0x0000008e                __vector_3
                0x0000008e                __vector_11
                0x0000008e                __vector_13
                0x0000008e                __vector_17
                0x0000008e                __vector_19
                0x0000008e                __vector_7
                0x0000008e                __vector_5
                0x0000008e                __vector_4
                0x0000008e                __vector_9
                0x0000008e                __vector_2
                0x0000008e                __vector_15
                0x0000008e                __vector_8
                0x0000008e                __vector_14
                0x0000008e                __vector_10
                0x0000008e                __vector_16
                0x0000008e                __vector_18
                0x0000008e                __vector_20
                0x00000092                . = ALIGN (0x2)
 *(.text.*)
 .text.main     0x00000092      0x15e APP/Main/main.o
                0x00000092                main
 .text.Motor_Initialization
                0x000001f0       0x3e HAL/DC Motor/DC_Motor.o
                0x000001f0                Motor_Initialization
 .text.Motor_Start
                0x0000022e       0x90 HAL/DC Motor/DC_Motor.o
                0x0000022e                Motor_Start
 .text.Motor_Stop
                0x000002be       0x4a HAL/DC Motor/DC_Motor.o
                0x000002be                Motor_Stop
 .text.LCD_Write_Command
                0x00000308       0x90 HAL/LCD/LCD.o
                0x00000308                LCD_Write_Command
 .text.LCD_Initialization
                0x00000398       0x72 HAL/LCD/LCD.o
                0x00000398                LCD_Initialization
 .text.LCD_Clear
                0x0000040a        0x8 HAL/LCD/LCD.o
                0x0000040a                LCD_Clear
 .text.LCD_Write_Character
                0x00000412       0x90 HAL/LCD/LCD.o
                0x00000412                LCD_Write_Character
 .text.LCD_Write_String
                0x000004a2       0x2a HAL/LCD/LCD.o
                0x000004a2                LCD_Write_String
 .text.ServoMotor_Initialization
                0x000004cc       0x42 HAL/Servo Motor/Servo_Motor.o
                0x000004cc                ServoMotor_Initialization
 .text.ServoMotor_Rotate
                0x0000050e       0x32 HAL/Servo Motor/Servo_Motor.o
                0x0000050e                ServoMotor_Rotate
 .text.Ultrasonic
                0x00000540       0x50 HAL/Ultrasonic/Ultrasonic.o
                0x00000540                Ultrasonic
 .text.__vector_1
                0x00000590       0x62 HAL/Ultrasonic/Ultrasonic.o
                0x00000590                __vector_1
 .text.DIO_SetPinDirection
                0x000005f2       0xe2 MCAL/DIO/DIO.o
                0x000005f2                DIO_SetPinDirection
 .text.DIO_SetPinValue
                0x000006d4       0xe2 MCAL/DIO/DIO.o
                0x000006d4                DIO_SetPinValue
 .text.libgcc.mul
                0x000007b6       0x1e d:/aast/course embedded/microship studio/7.0/toolchain/avr8/avr8-gnu-toolchain/bin/../lib/gcc/avr/5.4.0/avr5\libgcc.a(_umulhisi3.o)
                0x000007b6                __umulhisi3
                0x000007d4                . = ALIGN (0x2)
 *(.fini9)
 .fini9         0x000007d4        0x0 d:/aast/course embedded/microship studio/7.0/toolchain/avr8/avr8-gnu-toolchain/bin/../lib/gcc/avr/5.4.0/avr5\libgcc.a(_exit.o)
                0x000007d4                _exit
                0x000007d4                exit
 *(.fini9)
 *(.fini8)
 *(.fini8)
 *(.fini7)
 *(.fini7)
 *(.fini6)
 *(.fini6)
 *(.fini5)
 *(.fini5)
 *(.fini4)
 *(.fini4)
 *(.fini3)
 *(.fini3)
 *(.fini2)
 *(.fini2)
 *(.fini1)
 *(.fini1)
 *(.fini0)
 .fini0         0x000007d4        0x4 d:/aast/course embedded/microship studio/7.0/toolchain/avr8/avr8-gnu-toolchain/bin/../lib/gcc/avr/5.4.0/avr5\libgcc.a(_exit.o)
 *(.fini0)
                0x000007d8                _etext = .

.data           0x00800060       0x18 load address 0x000007d8
                0x00800060                PROVIDE (__data_start, .)
 *(.data)
 *(.data*)
 *(.gnu.linkonce.d*)
 *(.rodata)
 *(.rodata*)
 .rodata.str1.1
                0x00800060       0x18 APP/Main/main.o
 *(.gnu.linkonce.r*)
                0x00800078                . = ALIGN (0x2)
                0x00800078                _edata = .
                0x00800078                PROVIDE (__data_end, .)

.bss            0x00800078        0x6
                0x00800078                PROVIDE (__bss_start, .)
 *(.bss)
 *(.bss*)
 .bss.distance_front_the_ultra
                0x00800078        0x2 APP/Main/main.o
                0x00800078                distance_front_the_ultra
 .bss.echo_pin_value
                0x0080007a        0x2 HAL/Ultrasonic/Ultrasonic.o
 .bss.distance_of_pulse
                0x0080007c        0x2 HAL/Ultrasonic/Ultrasonic.o
 *(COMMON)
                0x0080007e                PROVIDE (__bss_end, .)
                0x000007d8                __data_load_start = LOADADDR (.data)
                0x000007f0                __data_load_end = (__data_load_start + SIZEOF (.data))

.noinit         0x0080007e        0x0
                [!provide]                PROVIDE (__noinit_start, .)
 *(.noinit*)
                [!provide]                PROVIDE (__noinit_end, .)
                0x0080007e                _end = .
                [!provide]                PROVIDE (__heap_start, .)

.eeprom         0x00810000        0x0
 *(.eeprom*)
                0x00810000                __eeprom_end = .

.fuse
 *(.fuse)
 *(.lfuse)
 *(.hfuse)
 *(.efuse)

.lock
 *(.lock*)

.signature
 *(.signature*)

.user_signatures
 *(.user_signatures*)

.stab
 *(.stab)

.stabstr
 *(.stabstr)

.stab.excl
 *(.stab.excl)

.stab.exclstr
 *(.stab.exclstr)

.stab.index
 *(.stab.index)

.stab.indexstr
 *(.stab.indexstr)

.comment        0x00000000       0x30
 *(.comment)
 .comment       0x00000000       0x30 APP/Main/main.o
                                 0x31 (size before relaxing)
 .comment       0x00000030       0x31 HAL/DC Motor/DC_Motor.o
 .comment       0x00000030       0x31 HAL/LCD/LCD.o
 .comment       0x00000030       0x31 HAL/Servo Motor/Servo_Motor.o
 .comment       0x00000030       0x31 HAL/Ultrasonic/Ultrasonic.o
 .comment       0x00000030       0x31 MCAL/DIO/DIO.o

.note.gnu.avr.deviceinfo
                0x00000000       0x3c
 .note.gnu.avr.deviceinfo
                0x00000000       0x3c d:/aast/course embedded/microship studio/7.0/toolchain/avr8/avr8-gnu-toolchain/bin/../lib/gcc/avr/5.4.0/../../../../avr/lib/avr5/crtatmega32.o

.note.gnu.build-id
 *(.note.gnu.build-id)

.debug
 *(.debug)

.line
 *(.line)

.debug_srcinfo
 *(.debug_srcinfo)

.debug_sfnames
 *(.debug_sfnames)

.debug_aranges  0x00000000      0x108
 *(.debug_aranges)
 .debug_aranges
                0x00000000       0x20 APP/Main/main.o
 .debug_aranges
                0x00000020       0x30 HAL/DC Motor/DC_Motor.o
 .debug_aranges
                0x00000050       0x40 HAL/LCD/LCD.o
 .debug_aranges
                0x00000090       0x28 HAL/Servo Motor/Servo_Motor.o
 .debug_aranges
                0x000000b8       0x28 HAL/Ultrasonic/Ultrasonic.o
 .debug_aranges
                0x000000e0       0x28 MCAL/DIO/DIO.o

.debug_pubnames
 *(.debug_pubnames)

.debug_info     0x00000000     0x195a
 *(.debug_info .gnu.linkonce.wi.*)
 .debug_info    0x00000000      0x4e6 d:/aast/course embedded/microship studio/7.0/toolchain/avr8/avr8-gnu-toolchain/bin/../lib/gcc/avr/5.4.0/../../../../avr/lib/avr5/crtatmega32.o
 .debug_info    0x000004e6      0x48e APP/Main/main.o
 .debug_info    0x00000974      0x44f HAL/DC Motor/DC_Motor.o
 .debug_info    0x00000dc3      0x6b2 HAL/LCD/LCD.o
 .debug_info    0x00001475       0xbb HAL/Servo Motor/Servo_Motor.o
 .debug_info    0x00001530      0x272 HAL/Ultrasonic/Ultrasonic.o
 .debug_info    0x000017a2      0x1b8 MCAL/DIO/DIO.o

.debug_abbrev   0x00000000      0xa70
 *(.debug_abbrev)
 .debug_abbrev  0x00000000      0x4a3 d:/aast/course embedded/microship studio/7.0/toolchain/avr8/avr8-gnu-toolchain/bin/../lib/gcc/avr/5.4.0/../../../../avr/lib/avr5/crtatmega32.o
 .debug_abbrev  0x000004a3      0x131 APP/Main/main.o
 .debug_abbrev  0x000005d4       0xca HAL/DC Motor/DC_Motor.o
 .debug_abbrev  0x0000069e      0x155 HAL/LCD/LCD.o
 .debug_abbrev  0x000007f3       0x78 HAL/Servo Motor/Servo_Motor.o
 .debug_abbrev  0x0000086b      0x148 HAL/Ultrasonic/Ultrasonic.o
 .debug_abbrev  0x000009b3       0xbd MCAL/DIO/DIO.o

.debug_line     0x00000000      0xb47
 *(.debug_line .debug_line.* .debug_line_end)
 .debug_line    0x00000000       0x1a d:/aast/course embedded/microship studio/7.0/toolchain/avr8/avr8-gnu-toolchain/bin/../lib/gcc/avr/5.4.0/../../../../avr/lib/avr5/crtatmega32.o
 .debug_line    0x0000001a      0x2a8 APP/Main/main.o
 .debug_line    0x000002c2      0x16b HAL/DC Motor/DC_Motor.o
 .debug_line    0x0000042d      0x2bd HAL/LCD/LCD.o
 .debug_line    0x000006ea       0xe4 HAL/Servo Motor/Servo_Motor.o
 .debug_line    0x000007ce      0x1d3 HAL/Ultrasonic/Ultrasonic.o
 .debug_line    0x000009a1      0x1a6 MCAL/DIO/DIO.o

.debug_frame    0x00000000      0x1a0
 *(.debug_frame)
 .debug_frame   0x00000000       0x24 APP/Main/main.o
 .debug_frame   0x00000024       0x4c HAL/DC Motor/DC_Motor.o
 .debug_frame   0x00000070       0x80 HAL/LCD/LCD.o
 .debug_frame   0x000000f0       0x34 HAL/Servo Motor/Servo_Motor.o
 .debug_frame   0x00000124       0x48 HAL/Ultrasonic/Ultrasonic.o
 .debug_frame   0x0000016c       0x34 MCAL/DIO/DIO.o

.debug_str      0x00000000      0x69a
 *(.debug_str)
 .debug_str     0x00000000      0x196 d:/aast/course embedded/microship studio/7.0/toolchain/avr8/avr8-gnu-toolchain/bin/../lib/gcc/avr/5.4.0/../../../../avr/lib/avr5/crtatmega32.o
 .debug_str     0x00000196      0x25a APP/Main/main.o
                                0x2a3 (size before relaxing)
 .debug_str     0x000003f0      0x14e HAL/DC Motor/DC_Motor.o
                                0x2c0 (size before relaxing)
 .debug_str     0x0000053e       0x51 HAL/LCD/LCD.o
                                0x2f5 (size before relaxing)
 .debug_str     0x0000058f       0x73 HAL/Servo Motor/Servo_Motor.o
                                0x1d5 (size before relaxing)
 .debug_str     0x00000602       0x62 HAL/Ultrasonic/Ultrasonic.o
                                0x2e0 (size before relaxing)
 .debug_str     0x00000664       0x36 MCAL/DIO/DIO.o
                                0x264 (size before relaxing)

.debug_loc      0x00000000      0x793
 *(.debug_loc)
 .debug_loc     0x00000000      0x120 APP/Main/main.o
 .debug_loc     0x00000120       0xd8 HAL/DC Motor/DC_Motor.o
 .debug_loc     0x000001f8      0x30d HAL/LCD/LCD.o
 .debug_loc     0x00000505       0x36 HAL/Servo Motor/Servo_Motor.o
 .debug_loc     0x0000053b       0xb8 HAL/Ultrasonic/Ultrasonic.o
 .debug_loc     0x000005f3      0x1a0 MCAL/DIO/DIO.o

.debug_macinfo
 *(.debug_macinfo)

.debug_weaknames
 *(.debug_weaknames)

.debug_funcnames
 *(.debug_funcnames)

.debug_typenames
 *(.debug_typenames)

.debug_varnames
 *(.debug_varnames)

.debug_pubtypes
 *(.debug_pubtypes)

.debug_ranges   0x00000000       0xa8
 *(.debug_ranges)
 .debug_ranges  0x00000000       0x10 APP/Main/main.o
 .debug_ranges  0x00000010       0x20 HAL/DC Motor/DC_Motor.o
 .debug_ranges  0x00000030       0x30 HAL/LCD/LCD.o
 .debug_ranges  0x00000060       0x18 HAL/Servo Motor/Servo_Motor.o
 .debug_ranges  0x00000078       0x18 HAL/Ultrasonic/Ultrasonic.o
 .debug_ranges  0x00000090       0x18 MCAL/DIO/DIO.o

.debug_macro
 *(.debug_macro)
OUTPUT(self driving car.elf elf32-avr)
LOAD linker stubs
